// Jest Snapshot v1, https://goo.gl/fbAQLP

exports[`<StyledButton /> matches snapshot 1`] = `<StyledButton__Button />`;
