// Jest Snapshot v1, https://goo.gl/fbAQLP

exports[`<StringListItem /> matches snapshot 1`] = `
<div>
  <div>
    test string
  </div>
</div>
`;
